// Jest Snapshot v1, https://goo.gl/fbAQLP

exports[`BeersList should render with given state from Redux store 1`] = `
<section
  className="beersList--container"
>
  <h1
    className="beersList--title"
  >
    <i
      className="em em-beers"
    />
     Beers
  </h1>
</section>
`;
